// Jest Snapshot v1, https://goo.gl/fbAQLP

exports[`DialogButton should match the snapshot 1`] = `
<div
  class="dialog-button"
>
  <div
    class="dialog-button__container"
    tabindex="0"
  >
    <!---->
     
    <div
      class="dialog-button__text"
    />
  </div>
</div>
`;
