// Jest Snapshot v1, https://goo.gl/fbAQLP

exports[`Dialog should match the snapshot 1`] = `
<div>
  <div
    class="new-dialog new-dialog--dark new-dialog--opening"
  >
    <div
      class="new-dialog__overlay new-dialog__overlay--opening"
    />
     
    <div
      class="new-dialog__content-wrapper new-dialog__content-wrapper--opening"
    >
      <div
        class="new-dialog__header-wrapper"
      >
        <div>
          <div
            class="dialog-header__element dialog-header__element--calculation"
          >
            A
          </div>
          <div
            class="dialog-header__element dialog-header__element--calculation dialog-header__element--active"
          >
            B
          </div>
           
          <div
            class="dialog-header dialog-header--dark dialog-header--opening"
          >
            <div
              class="dialog-header__back"
              tabindex="0"
            >
              <div
                class="icon-wrapper dialog-header__back-svg"
              >
                <!---->
                 
                <!---->
                 
                <!---->
                 
                <!---->
                 
                <!---->
                 
                <!---->
                 
                <!---->
                 
                <!---->
                 
                <!---->
                 
                <!---->
                 
                <!---->
                 
                <!---->
                 
                <!---->
                 
                <svg
                  viewBox="0 0 22 17"
                  xmlns="http://www.w3.org/2000/svg"
                >
                  <path
                    class="path"
                    d="M.293 7.707L8 0l1.414 1.414-6 6H21a1 1 0 1 1 0 2H3.414l6 6L8 16.828.293 9.121a.999.999 0 0 1 0-1.414z"
                    fill-rule="nonzero"
                  />
                </svg>
                 
                <!---->
                 
                <!---->
                 
                <!---->
                 
                <!---->
                 
                <!---->
                 
                <!---->
                 
                <!---->
                 
                <!---->
                 
                <!---->
                 
                <!---->
                 
                <!---->
                 
                <!---->
                 
                <!---->
                 
                <!---->
                 
                <!---->
                 
                <!---->
                 
                <!---->
                 
                <!---->
                 
                <!---->
                 
                <!---->
              </div>
            </div>
             
            <div
              class="dialog-header__content"
              style="left: -30px;"
            >
              <div
                class="dialog-header__element"
                id="a"
              >
                A
              </div>
              <div
                class="dialog-header__element dialog-header__element--active"
                id="b"
              >
                B
              </div>
            </div>
             
            <div
              class="dialog-header__close"
              tabindex="0"
            >
              <div
                class="icon-wrapper dialog-header__close-svg"
              >
                <!---->
                 
                <!---->
                 
                <!---->
                 
                <!---->
                 
                <!---->
                 
                <!---->
                 
                <!---->
                 
                <!---->
                 
                <!---->
                 
                <!---->
                 
                <!---->
                 
                <!---->
                 
                <!---->
                 
                <!---->
                 
                <!---->
                 
                <!---->
                 
                <!---->
                 
                <!---->
                 
                <svg
                  viewBox="0 0 24 24"
                  xmlns="http://www.w3.org/2000/svg"
                >
                  <path
                    class="path"
                    d="M13.4 12L23.7 1.7c.4-.4.4-1 0-1.4-.4-.4-1-.4-1.4 0L12 10.6 1.7.3C1.3-.1.7-.1.3.3c-.4.4-.4 1 0 1.4L10.6 12 .3 22.3c-.4.4-.4 1 0 1.4.2.2.4.3.7.3.3 0 .5-.1.7-.3L12 13.4l10.3 10.3c.2.2.5.3.7.3.2 0 .5-.1.7-.3.4-.4.4-1 0-1.4L13.4 12z"
                    fill-rule="nonzero"
                  />
                </svg>
                 
                <!---->
                 
                <!---->
                 
                <!---->
                 
                <!---->
                 
                <!---->
                 
                <!---->
                 
                <!---->
                 
                <!---->
                 
                <!---->
                 
                <!---->
                 
                <!---->
                 
                <!---->
                 
                <!---->
                 
                <!---->
                 
                <!---->
              </div>
            </div>
          </div>
        </div>
      </div>
       
      <div
        class="new-dialog__content new-dialog__content--opening"
        tabindex="-1"
      />
       
      <div
        class="new-dialog__last-focusable-element"
        tabindex="0"
      />
    </div>
  </div>
</div>
`;
