// Jest Snapshot v1, https://goo.gl/fbAQLP

exports[`DropArea should match the snapshot 1`] = `
<div>
  <div
    class="drop-area__overlay drop-area__overlay--dark drop-area__overlay--full"
  >
    <svg
      preserveAspectRatio="none"
      viewBox="0 0 null null"
      xmlns="http://www.w3.org/2000/svg"
    >
      <path
        d="
                M 14 6 
                L -14 6
                a 8,8 0 0 1 8,8
                L -6 -14
                a 8,8 0 0 1 -8,8
                L 14 -6
                a 8,8 0 0 1 -8,-8
                L 6 14
                a 8,8 0 0 1 8,-8 Z
            "
        vector-effect="non-scaling-stroke"
      />
    </svg>
  </div>
</div>
`;
