// Jest Snapshot v1, https://goo.gl/fbAQLP

exports[`Group should match the snapshot 1`] = `
<div
  class="group group--light"
>
  <div
    class="group__header"
  >
    <div
      class="group__label"
    >
      Modeling
    </div>
     
    <!---->
  </div>
   
</div>
`;
