// Jest Snapshot v1, https://goo.gl/fbAQLP

exports[`Multiselect should match the snapshot 1`] = `
<div
  class="multiselect"
>
  <div
    class="multiselect__search-with-icon"
  >
    <div
      class="input input--phat input--dark"
      id="search"
    >
      <div
        class="input__icon-prepend"
      >
        <img
          class="input__icon"
          src="/img/icons/search.svg"
        />
      </div>
       
      <div
        class="input-field input-field--with-icon"
        title=""
      >
        <div
          class="input-field__overlay"
        >
          
            Search
        
        </div>
         
        <div
          class="input-field__label-text"
        >
          
            
        
        </div>
         
        <div
          class="input-row"
        >
          <!---->
           
          <div
            class="input-row__input-flex"
          >
            <!---->
             
            <!---->
             
            <input
              class="input-row__placeholder-text"
              placeholder="Search"
              type="text"
            />
          </div>
           
          <!---->
           
          <!---->
        </div>
         
        <div
          class="input-field__border-overlay"
        />
         
        <div
          class="input-field__message-wrap"
        >
          <div
            class="input-field__helper-text"
          >
            
                    
                
          </div>
           
          <!---->
        </div>
      </div>
    </div>
  </div>
   
  <div
    class="multiselect__change-multiple"
  >
    <div
      class="checkbox-element multiselect__select-all checkbox-element--condensed checkbox-element--dark"
      data-id="select-all"
      tabindex="0"
      title="SELECT ALL"
    >
      <div
        class="checkbox-element__check-row"
        title="SELECT ALL"
      >
        <div
          class="checkbox-element__check-wrapper"
        >
          <div
            class="checkbox-element__square"
          />
           
          <div
            class="checkbox-element__check"
          />
        </div>
         
        <div
          class="checkbox-element__label-text"
        >
          <span
            class="multiselect__select-all-label"
          >
            SELECT ALL
          </span>
        </div>
      </div>
       
      <!---->
    </div>
  </div>
   
  <div
    class="multiselect__options"
    style="height: 0px;"
  >
    <div
      name="multiselect__item"
      tag="div"
    >
      <div
        class="multiselect__option"
      >
        <div
          class="checkbox-element multiselect__checkbox checkbox-element--normal checkbox-element--dark"
          data-id="option-1"
          tabindex="0"
          title="option 1"
        >
          <div
            class="checkbox-element__check-row"
            title="option 1"
          >
            <div
              class="checkbox-element__check-wrapper"
            >
              <div
                class="checkbox-element__square"
              />
               
              <div
                class="checkbox-element__check"
              />
            </div>
             
            <div
              class="checkbox-element__label-text"
            >
              
                    option 1
                
            </div>
          </div>
           
          <!---->
        </div>
         
        <!---->
      </div>
      <div
        class="multiselect__option"
      >
        <div
          class="checkbox-element multiselect__checkbox checkbox-element--normal checkbox-element--dark"
          data-id="option-2"
          tabindex="0"
          title="option 2"
        >
          <div
            class="checkbox-element__check-row"
            title="option 2"
          >
            <div
              class="checkbox-element__check-wrapper"
            >
              <div
                class="checkbox-element__square"
              />
               
              <div
                class="checkbox-element__check"
              />
            </div>
             
            <div
              class="checkbox-element__label-text"
            >
              
                    option 2
                
            </div>
          </div>
           
          <!---->
        </div>
         
        <!---->
      </div>
      <div
        class="multiselect__option"
      >
        <div
          class="checkbox-element multiselect__checkbox checkbox-element--normal checkbox-element--dark"
          data-id="option-3"
          tabindex="0"
          title="option 3"
        >
          <div
            class="checkbox-element__check-row"
            title="option 3"
          >
            <div
              class="checkbox-element__check-wrapper"
            >
              <div
                class="checkbox-element__square"
              />
               
              <div
                class="checkbox-element__check"
              />
            </div>
             
            <div
              class="checkbox-element__label-text"
            >
              
                    option 3
                
            </div>
          </div>
           
          <!---->
        </div>
         
        <!---->
      </div>
    </div>
  </div>
   
  <div
    class="multiselect__options"
    style="visibility: hidden; position: absolute;"
  >
    <div
      class="multiselect__option"
    >
      <div
        class="checkbox-element multiselect__checkbox checkbox-element--normal checkbox-element--dark"
        data-id="option-1"
        tabindex="0"
        title="option 1"
      >
        <div
          class="checkbox-element__check-row"
          title="option 1"
        >
          <div
            class="checkbox-element__check-wrapper"
          >
            <div
              class="checkbox-element__square"
            />
             
            <div
              class="checkbox-element__check"
            />
          </div>
           
          <div
            class="checkbox-element__label-text"
          >
            
                option 1
            
          </div>
        </div>
         
        <!---->
      </div>
       
      <!---->
    </div>
    <div
      class="multiselect__option"
    >
      <div
        class="checkbox-element multiselect__checkbox checkbox-element--normal checkbox-element--dark"
        data-id="option-2"
        tabindex="0"
        title="option 2"
      >
        <div
          class="checkbox-element__check-row"
          title="option 2"
        >
          <div
            class="checkbox-element__check-wrapper"
          >
            <div
              class="checkbox-element__square"
            />
             
            <div
              class="checkbox-element__check"
            />
          </div>
           
          <div
            class="checkbox-element__label-text"
          >
            
                option 2
            
          </div>
        </div>
         
        <!---->
      </div>
       
      <!---->
    </div>
    <div
      class="multiselect__option"
    >
      <div
        class="checkbox-element multiselect__checkbox checkbox-element--normal checkbox-element--dark"
        data-id="option-3"
        tabindex="0"
        title="option 3"
      >
        <div
          class="checkbox-element__check-row"
          title="option 3"
        >
          <div
            class="checkbox-element__check-wrapper"
          >
            <div
              class="checkbox-element__square"
            />
             
            <div
              class="checkbox-element__check"
            />
          </div>
           
          <div
            class="checkbox-element__label-text"
          >
            
                option 3
            
          </div>
        </div>
         
        <!---->
      </div>
       
      <!---->
    </div>
  </div>
</div>
`;
