// Jest Snapshot v1, https://goo.gl/fbAQLP

exports[`ScrollableList computed usecase-0__ itemHeight 1`] = `0`;

exports[`ScrollableList computed usecase-0__ maxHeight 1`] = `30`;

exports[`ScrollableList computed usecase-0__ overlayHeight 1`] = `15`;
