// Jest Snapshot v1, https://goo.gl/fbAQLP

exports[`Slider should match the snapshot 1`] = `
<div
  class="slider slider--light slider--normal"
>
  <div
    class="slider__row"
  >
    <div
      class="slider__label"
    >
      
            Basic slider
        
    </div>
  </div>
   
  <div
    class="slider__row"
  >
    <div
      class="slider__input"
    >
      <div
        class="input input--normal input--light"
      >
        <!---->
         
        <div
          class="input-field"
          title=""
        >
          <!---->
           
          <div
            class="input-row"
          >
            <!---->
             
            <div
              class="input-row__input-flex"
            >
              <!---->
               
              <!---->
               
              <input
                class="input-row__placeholder-text"
                placeholder="5.0"
                style="text-align: right;"
                type="text"
              />
            </div>
             
            <div
              class="input-row__unit input-row__unit--right"
            >
              <span>
                %
              </span>
            </div>
          </div>
           
          <div
            class="input-field__border-overlay"
          />
           
          <div
            class="input-field__message-wrap"
          >
            <div
              class="input-field__helper-text"
            >
              
                    
                
            </div>
             
            <!---->
          </div>
        </div>
      </div>
    </div>
     
    <div
      class="slider-bar"
      tabindex="0"
    >
      <div
        class="slider-bar__container"
      >
        <div
          class="slider-ruler"
        >
          <div
            class="slider-ruler__label slider-ruler__label--active"
          >
            0.1
          </div>
           
          <div
            class="slider-ruler__ticks"
          >
            <div
              class="slider-ruler__tick slider-ruler__tick--active"
            />
            <div
              class="slider-ruler__tick slider-ruler__tick--active"
            />
            <div
              class="slider-ruler__tick slider-ruler__tick--active"
            />
            <div
              class="slider-ruler__tick slider-ruler__tick--active"
            />
            <div
              class="slider-ruler__tick slider-ruler__tick--active"
            />
            <div
              class="slider-ruler__tick slider-ruler__tick--active"
            />
            <div
              class="slider-ruler__tick slider-ruler__tick--active"
            />
            <div
              class="slider-ruler__tick slider-ruler__tick--active"
            />
            <div
              class="slider-ruler__tick slider-ruler__tick--active"
            />
            <div
              class="slider-ruler__tick slider-ruler__tick--active"
            />
            <div
              class="slider-ruler__tick"
            />
            <div
              class="slider-ruler__tick"
            />
            <div
              class="slider-ruler__tick"
            />
            <div
              class="slider-ruler__tick"
            />
            <div
              class="slider-ruler__tick"
            />
            <div
              class="slider-ruler__tick"
            />
            <div
              class="slider-ruler__tick"
            />
            <div
              class="slider-ruler__tick"
            />
            <div
              class="slider-ruler__tick"
            />
            <div
              class="slider-ruler__tick"
            />
          </div>
           
          <div
            class="slider-ruler__label"
          >
            10
          </div>
        </div>
         
        <div
          class="slider-bar__rail"
        >
          <div
            class="slider-rail slider-rail--passive"
          />
           
          <div
            class="slider-rail slider-rail--active"
            style="width: 0px;"
          />
           
          <div
            class="slider-rail__handle"
            style="left: 0px;"
          >
            <div
              class="slider-rail__handle-dot"
            />
          </div>
        </div>
      </div>
       
      <div
        class="slider-helper-text"
      />
    </div>
  </div>
</div>
`;
