// Jest Snapshot v1, https://goo.gl/fbAQLP

exports[`Tooltip computed 20334970 transform 1`] = `undefined`;
